[0.013s] Invoking command in '/home/halit/acrome_ws/build/acrome_mini_robot': CMAKE_PREFIX_PATH=${CMAKE_PREFIX_PATH}:/home/halit/turtlebot3_ws/install/turtlebot3_teleop:/home/halit/turtlebot3_ws/install/turtlebot3_example:/opt/ros/jazzy /usr/bin/cmake /home/halit/acrome_ws/src/acrome_mini_robot -DAMENT_CMAKE_SYMLINK_INSTALL=1 -DCMAKE_INSTALL_PREFIX=/home/halit/acrome_ws/install/acrome_mini_robot
[0.138s] -- The C compiler identification is GNU 13.3.0
[0.599s] -- The CXX compiler identification is GNU 13.3.0
[0.948s] -- Detecting C compiler ABI info
[1.125s] -- Detecting C compiler ABI info - done
[1.132s] -- Check for working C compiler: /usr/bin/cc - skipped
[1.132s] -- Detecting C compile features
[1.133s] -- Detecting C compile features - done
[1.197s] -- Detecting CXX compiler ABI info
[1.402s] -- Detecting CXX compiler ABI info - done
[1.409s] -- Check for working CXX compiler: /usr/bin/c++ - skipped
[1.410s] -- Detecting CXX compile features
[1.410s] -- Detecting CXX compile features - done
[1.418s] -- Found ament_cmake: 2.5.4 (/opt/ros/jazzy/share/ament_cmake/cmake)
[1.575s] -- Found Python3: /usr/bin/python3 (found version "3.12.3") found components: Interpreter 
[1.639s] -- Override CMake install command with custom implementation using symlinks instead of copying resources
[1.696s] -- Found ament_lint_auto: 0.17.2 (/opt/ros/jazzy/share/ament_lint_auto/cmake)
[1.805s] -- Added test 'copyright' to check source files copyright and LICENSE
[1.811s] -- Added test 'cppcheck' to perform static code analysis on C / C++ code
[1.811s] -- Configured cppcheck include dirs: 
[1.811s] -- Configured cppcheck exclude dirs and/or files: 
[1.817s] -- Added test 'cpplint' to check C / C++ code against the Google style
[1.817s] -- Configured cpplint exclude dirs and/or files: 
[1.818s] -- Added test 'flake8' to check Python code syntax and style conventions
[1.819s] -- Configured 'flake8' exclude dirs and/or files: 
[1.821s] -- Added test 'lint_cmake' to check CMake code style
[1.822s] -- Added test 'pep257' to check Python code against some of the docstring style conventions in PEP 257
[1.827s] -- Added test 'uncrustify' to check C / C++ code style
[1.827s] -- Configured uncrustify additional arguments: 
[1.829s] -- Added test 'xmllint' to check XML markup files
[1.830s] -- Configuring done (1.8s)
[1.833s] -- Generating done (0.0s)
[1.835s] -- Build files have been written to: /home/halit/acrome_ws/build/acrome_mini_robot
[1.840s] Invoked command in '/home/halit/acrome_ws/build/acrome_mini_robot' returned '0': CMAKE_PREFIX_PATH=${CMAKE_PREFIX_PATH}:/home/halit/turtlebot3_ws/install/turtlebot3_teleop:/home/halit/turtlebot3_ws/install/turtlebot3_example:/opt/ros/jazzy /usr/bin/cmake /home/halit/acrome_ws/src/acrome_mini_robot -DAMENT_CMAKE_SYMLINK_INSTALL=1 -DCMAKE_INSTALL_PREFIX=/home/halit/acrome_ws/install/acrome_mini_robot
[1.841s] Invoking command in '/home/halit/acrome_ws/build/acrome_mini_robot': CMAKE_PREFIX_PATH=${CMAKE_PREFIX_PATH}:/home/halit/turtlebot3_ws/install/turtlebot3_teleop:/home/halit/turtlebot3_ws/install/turtlebot3_example:/opt/ros/jazzy /usr/bin/cmake --build /home/halit/acrome_ws/build/acrome_mini_robot -- -j4 -l4
[1.875s] Invoked command in '/home/halit/acrome_ws/build/acrome_mini_robot' returned '0': CMAKE_PREFIX_PATH=${CMAKE_PREFIX_PATH}:/home/halit/turtlebot3_ws/install/turtlebot3_teleop:/home/halit/turtlebot3_ws/install/turtlebot3_example:/opt/ros/jazzy /usr/bin/cmake --build /home/halit/acrome_ws/build/acrome_mini_robot -- -j4 -l4
[1.881s] Invoking command in '/home/halit/acrome_ws/build/acrome_mini_robot': CMAKE_PREFIX_PATH=${CMAKE_PREFIX_PATH}:/home/halit/turtlebot3_ws/install/turtlebot3_teleop:/home/halit/turtlebot3_ws/install/turtlebot3_example:/opt/ros/jazzy /usr/bin/cmake --install /home/halit/acrome_ws/build/acrome_mini_robot
[1.887s] -- Install configuration: ""
[1.888s] -- Execute custom install script
[1.888s] -- Symlinking: /home/halit/acrome_ws/install/acrome_mini_robot/share/acrome_mini_robot//launch/display.launch
[1.895s] -- Symlinking: /home/halit/acrome_ws/install/acrome_mini_robot/share/acrome_mini_robot//launch/gazebo.launch
[1.903s] -- Symlinking: /home/halit/acrome_ws/install/acrome_mini_robot/share/acrome_mini_robot//launch/gazebo_launch.py
[1.909s] -- Symlinking: /home/halit/acrome_ws/install/acrome_mini_robot/share/acrome_mini_robot//launch/lidar_data.txt
[1.917s] -- Symlinking: /home/halit/acrome_ws/install/acrome_mini_robot/share/acrome_mini_robot//launch/robot_controller.py
[1.924s] -- Symlinking: /home/halit/acrome_ws/install/acrome_mini_robot/share/acrome_mini_robot//urdf/acrome_mini_robot.xacro
[1.932s] -- Symlinking: /home/halit/acrome_ws/install/acrome_mini_robot/share/acrome_mini_robot//config/acrome_controller.yaml
[1.940s] -- Symlinking: /home/halit/acrome_ws/install/acrome_mini_robot/share/acrome_mini_robot//config/slam_params.yaml
[1.948s] -- Symlinking: /home/halit/acrome_ws/install/acrome_mini_robot/lib/acrome_mini_robot/odometry_publisher.py
[1.956s] -- Symlinking: /home/halit/acrome_ws/install/acrome_mini_robot/share/ament_index/resource_index/package_run_dependencies/acrome_mini_robot
[1.964s] -- Symlinking: /home/halit/acrome_ws/install/acrome_mini_robot/share/ament_index/resource_index/parent_prefix_path/acrome_mini_robot
[1.971s] -- Symlinking: /home/halit/acrome_ws/install/acrome_mini_robot/share/acrome_mini_robot/environment/ament_prefix_path.sh
[1.978s] -- Symlinking: /home/halit/acrome_ws/install/acrome_mini_robot/share/acrome_mini_robot/environment/ament_prefix_path.dsv
[1.985s] -- Symlinking: /home/halit/acrome_ws/install/acrome_mini_robot/share/acrome_mini_robot/environment/path.sh
[1.992s] -- Symlinking: /home/halit/acrome_ws/install/acrome_mini_robot/share/acrome_mini_robot/environment/path.dsv
[1.999s] -- Symlinking: /home/halit/acrome_ws/install/acrome_mini_robot/share/acrome_mini_robot/local_setup.bash
[2.006s] -- Symlinking: /home/halit/acrome_ws/install/acrome_mini_robot/share/acrome_mini_robot/local_setup.sh
[2.012s] -- Symlinking: /home/halit/acrome_ws/install/acrome_mini_robot/share/acrome_mini_robot/local_setup.zsh
[2.018s] -- Symlinking: /home/halit/acrome_ws/install/acrome_mini_robot/share/acrome_mini_robot/local_setup.dsv
[2.025s] -- Symlinking: /home/halit/acrome_ws/install/acrome_mini_robot/share/acrome_mini_robot/package.dsv
[2.033s] -- Symlinking: /home/halit/acrome_ws/install/acrome_mini_robot/share/ament_index/resource_index/packages/acrome_mini_robot
[2.040s] -- Symlinking: /home/halit/acrome_ws/install/acrome_mini_robot/share/acrome_mini_robot/cmake/acrome_mini_robotConfig.cmake
[2.047s] -- Symlinking: /home/halit/acrome_ws/install/acrome_mini_robot/share/acrome_mini_robot/cmake/acrome_mini_robotConfig-version.cmake
[2.054s] -- Symlinking: /home/halit/acrome_ws/install/acrome_mini_robot/share/acrome_mini_robot/package.xml
[2.063s] Invoked command in '/home/halit/acrome_ws/build/acrome_mini_robot' returned '0': CMAKE_PREFIX_PATH=${CMAKE_PREFIX_PATH}:/home/halit/turtlebot3_ws/install/turtlebot3_teleop:/home/halit/turtlebot3_ws/install/turtlebot3_example:/opt/ros/jazzy /usr/bin/cmake --install /home/halit/acrome_ws/build/acrome_mini_robot
