[0.011s] Invoking command in '/home/halit/acrome_ws/build/acrome_mini_robot': CMAKE_PREFIX_PATH=${CMAKE_PREFIX_PATH}:/opt/ros/jazzy /usr/bin/cmake /home/halit/acrome_ws/src/acrome_mini_robot -DCMAKE_INSTALL_PREFIX=/home/halit/acrome_ws/install/acrome_mini_robot
[0.200s] -- The C compiler identification is GNU 13.3.0
[1.028s] -- The CXX compiler identification is GNU 13.3.0
[1.805s] -- Detecting C compiler ABI info
[2.111s] -- Detecting C compiler ABI info - done
[2.119s] -- Check for working C compiler: /usr/bin/cc - skipped
[2.119s] -- Detecting C compile features
[2.120s] -- Detecting C compile features - done
[2.237s] -- Detecting CXX compiler ABI info
[2.547s] -- Detecting CXX compiler ABI info - done
[2.557s] -- Check for working CXX compiler: /usr/bin/c++ - skipped
[2.557s] -- Detecting CXX compile features
[2.558s] -- Detecting CXX compile features - done
[2.562s] -- Found ament_cmake: 2.5.4 (/opt/ros/jazzy/share/ament_cmake/cmake)
[2.705s] -- Found Python3: /usr/bin/python3 (found version "3.12.3") found components: Interpreter 
[2.822s] -- Found ament_lint_auto: 0.17.3 (/opt/ros/jazzy/share/ament_lint_auto/cmake)
[2.931s] -- Added test 'copyright' to check source files copyright and LICENSE
[2.934s] -- Added test 'flake8' to check Python code syntax and style conventions
[2.934s] -- Configured 'flake8' exclude dirs and/or files: 
[2.935s] -- Added test 'lint_cmake' to check CMake code style
[2.936s] -- Added test 'pep257' to check Python code against some of the docstring style conventions in PEP 257
[2.938s] -- Added test 'xmllint' to check XML markup files
[2.940s] -- Configuring done (2.9s)
[2.944s] -- Generating done (0.0s)
[2.946s] -- Build files have been written to: /home/halit/acrome_ws/build/acrome_mini_robot
[2.952s] Invoked command in '/home/halit/acrome_ws/build/acrome_mini_robot' returned '0': CMAKE_PREFIX_PATH=${CMAKE_PREFIX_PATH}:/opt/ros/jazzy /usr/bin/cmake /home/halit/acrome_ws/src/acrome_mini_robot -DCMAKE_INSTALL_PREFIX=/home/halit/acrome_ws/install/acrome_mini_robot
[2.953s] Invoking command in '/home/halit/acrome_ws/build/acrome_mini_robot': CMAKE_PREFIX_PATH=${CMAKE_PREFIX_PATH}:/opt/ros/jazzy /usr/bin/cmake --build /home/halit/acrome_ws/build/acrome_mini_robot -- -j4 -l4
[2.992s] Invoked command in '/home/halit/acrome_ws/build/acrome_mini_robot' returned '0': CMAKE_PREFIX_PATH=${CMAKE_PREFIX_PATH}:/opt/ros/jazzy /usr/bin/cmake --build /home/halit/acrome_ws/build/acrome_mini_robot -- -j4 -l4
[3.001s] Invoking command in '/home/halit/acrome_ws/build/acrome_mini_robot': CMAKE_PREFIX_PATH=${CMAKE_PREFIX_PATH}:/opt/ros/jazzy /usr/bin/cmake --install /home/halit/acrome_ws/build/acrome_mini_robot
[3.008s] -- Install configuration: ""
[3.008s] -- Installing: /home/halit/acrome_ws/install/acrome_mini_robot/share/acrome_mini_robot//launch
[3.009s] -- Installing: /home/halit/acrome_ws/install/acrome_mini_robot/share/acrome_mini_robot//launch/lidar_data.txt
[3.009s] -- Installing: /home/halit/acrome_ws/install/acrome_mini_robot/share/acrome_mini_robot//launch/gazebo.launch
[3.009s] -- Installing: /home/halit/acrome_ws/install/acrome_mini_robot/share/acrome_mini_robot//launch/robot_controller.py
[3.009s] -- Installing: /home/halit/acrome_ws/install/acrome_mini_robot/share/acrome_mini_robot//launch/display.launch
[3.010s] -- Installing: /home/halit/acrome_ws/install/acrome_mini_robot/share/acrome_mini_robot//launch/gazebo_launch.py
[3.010s] -- Installing: /home/halit/acrome_ws/install/acrome_mini_robot/share/acrome_mini_robot/worlds/
[3.010s] -- Installing: /home/halit/acrome_ws/install/acrome_mini_robot/share/acrome_mini_robot/worlds//acrome_mini_robot.world
[3.010s] -- Installing: /home/halit/acrome_ws/install/acrome_mini_robot/share/acrome_mini_robot//urdf
[3.010s] -- Installing: /home/halit/acrome_ws/install/acrome_mini_robot/share/acrome_mini_robot//urdf/acrome_mini_robot.xacro
[3.010s] -- Installing: /home/halit/acrome_ws/install/acrome_mini_robot/share/acrome_mini_robot//config
[3.010s] -- Installing: /home/halit/acrome_ws/install/acrome_mini_robot/share/acrome_mini_robot//config/slam_params.yaml
[3.010s] -- Installing: /home/halit/acrome_ws/install/acrome_mini_robot/share/acrome_mini_robot//config/acrome_controller.yaml
[3.011s] -- Installing: /home/halit/acrome_ws/install/acrome_mini_robot/lib/acrome_mini_robot/odometry_publisher.py
[3.011s] -- Installing: /home/halit/acrome_ws/install/acrome_mini_robot/share/ament_index/resource_index/package_run_dependencies/acrome_mini_robot
[3.011s] -- Installing: /home/halit/acrome_ws/install/acrome_mini_robot/share/ament_index/resource_index/parent_prefix_path/acrome_mini_robot
[3.012s] -- Installing: /home/halit/acrome_ws/install/acrome_mini_robot/share/acrome_mini_robot/environment/ament_prefix_path.sh
[3.012s] -- Installing: /home/halit/acrome_ws/install/acrome_mini_robot/share/acrome_mini_robot/environment/ament_prefix_path.dsv
[3.012s] -- Installing: /home/halit/acrome_ws/install/acrome_mini_robot/share/acrome_mini_robot/environment/path.sh
[3.012s] -- Installing: /home/halit/acrome_ws/install/acrome_mini_robot/share/acrome_mini_robot/environment/path.dsv
[3.012s] -- Installing: /home/halit/acrome_ws/install/acrome_mini_robot/share/acrome_mini_robot/local_setup.bash
[3.012s] -- Installing: /home/halit/acrome_ws/install/acrome_mini_robot/share/acrome_mini_robot/local_setup.sh
[3.013s] -- Installing: /home/halit/acrome_ws/install/acrome_mini_robot/share/acrome_mini_robot/local_setup.zsh
[3.013s] -- Installing: /home/halit/acrome_ws/install/acrome_mini_robot/share/acrome_mini_robot/local_setup.dsv
[3.013s] -- Installing: /home/halit/acrome_ws/install/acrome_mini_robot/share/acrome_mini_robot/package.dsv
[3.013s] -- Installing: /home/halit/acrome_ws/install/acrome_mini_robot/share/ament_index/resource_index/packages/acrome_mini_robot
[3.013s] -- Installing: /home/halit/acrome_ws/install/acrome_mini_robot/share/acrome_mini_robot/cmake/acrome_mini_robotConfig.cmake
[3.013s] -- Installing: /home/halit/acrome_ws/install/acrome_mini_robot/share/acrome_mini_robot/cmake/acrome_mini_robotConfig-version.cmake
[3.013s] -- Installing: /home/halit/acrome_ws/install/acrome_mini_robot/share/acrome_mini_robot/package.xml
[3.015s] Invoked command in '/home/halit/acrome_ws/build/acrome_mini_robot' returned '0': CMAKE_PREFIX_PATH=${CMAKE_PREFIX_PATH}:/opt/ros/jazzy /usr/bin/cmake --install /home/halit/acrome_ws/build/acrome_mini_robot
